pread(64)?\(0, "\\0\\0\\0\\0", 4, 1004211379570065135\) += 4
preadv\(0, \[\{iov_base="\\0\\0\\0\\0", iov_len=4\}\], 1, 1004211379570065135\) += 4
pwrite(64)?\(0, "\\0\\0\\0\\0", 4, 1004211379570065135\) += 4
pwritev\(0, \[\{iov_base="\\0\\0\\0\\0", iov_len=4\}\], 1, 1004211379570065135\) += 4
