EI_CLASS	32
EI_DATA		Little-Endian
E_MACHINE	EM_386
FILE_SIZE	6212
RO_SEG_FILE_SIZE	1364
RO_SEG_MEM_SIZE	1364
RW_SEG_FILE_SIZE	284
RW_SEG_MEM_SIZE	284
DT_RUNPATH	/system/lib
DT_RUNPATH	/vendor/lib
DT_NEEDED	libc.so
EXP_SYMBOL	__bss_start
EXP_SYMBOL	_edata
EXP_SYMBOL	_end
EXP_SYMBOL	test
IMP_SYMBOL	__cxa_atexit
IMP_SYMBOL	__cxa_finalize
IMP_SYMBOL	__stack_chk_fail
IMP_SYMBOL	puts
