EI_CLASS	32
EI_DATA		Little-Endian
E_MACHINE	EM_386
FILE_SIZE	6680
RO_SEG_FILE_SIZE	1992
RO_SEG_MEM_SIZE	1992
RW_SEG_FILE_SIZE	288
RW_SEG_MEM_SIZE	292
DT_NEEDED	libdl.so
DT_NEEDED	libc.so
DT_NEEDED	libstdc++.so
EXP_SYMBOL	__bss_start
EXP_SYMBOL	_edata
EXP_SYMBOL	_end
IMP_SYMBOL	__cxa_atexit
IMP_SYMBOL	__libc_init
IMP_SYMBOL	__stack_chk_fail
IMP_SYMBOL	dlclose
IMP_SYMBOL	dlopen
IMP_SYMBOL	dlsym
IMP_SYMBOL	puts
