chdir(".")  = 0
--- SIGUSR1 {si_signo=SIGUSR1, si_code=SI_KERNEL} ---
exit_group(0) = ?
+++ exited with 0 +++
