execve\("\.\./sleep", \["\.\./sleep", "0"\], \[.*"option_E_var=OPTION_E_VAL".*\]\) = 0
