[1-9][0-9]* +[0-9]+:[0-9]+:[0-9]+\.[0-9]+ +bind\(0, \{sa_family=AF_(LOCAL|UNIX|FILE), sun_path="123456789012345678901234567890123456789012345678901234567890123456789012345678901234567890123456789012345678"\}, 110\) += 0
[1-9][0-9]* +[0-9]+:[0-9]+:[0-9]+\.[0-9]+ +getsockname\(0, \{sa_family=AF_(LOCAL|UNIX|FILE), sun_path="123456789012345678901234567890123456789012345678901234567890123456789012345678901234567890123456789012345678"\}, \[110->111\]\) += 0
[1-9][0-9]* +[0-9]+:[0-9]+:[0-9]+\.[0-9]+ +connect\(1, \{sa_family=AF_(LOCAL|UNIX|FILE), sun_path="123456789012345678901234567890123456789012345678901234567890123456789012345678901234567890123456789012345678"\}, 110\) += 0
