EI_CLASS	32
EI_DATA		Little-Endian
E_MACHINE	EM_MIPS
FILE_SIZE	6660
RO_SEG_FILE_SIZE	1164
RO_SEG_MEM_SIZE	1164
RW_SEG_FILE_SIZE	308
RW_SEG_MEM_SIZE	308
DT_RUNPATH	$ORIGIN/../lib
DT_NEEDED	libc.so
EXP_SYMBOL	__bss_end__
EXP_SYMBOL	__bss_start
EXP_SYMBOL	__end__
EXP_SYMBOL	_bss_end__
EXP_SYMBOL	_edata
EXP_SYMBOL	_end
EXP_SYMBOL	_fbss
EXP_SYMBOL	_fdata
EXP_SYMBOL	_ftext
EXP_SYMBOL	_gp_disp
EXP_SYMBOL	test
IMP_SYMBOL	__cxa_atexit
IMP_SYMBOL	__cxa_finalize
IMP_SYMBOL	puts
