EI_CLASS	64
EI_DATA		Little-Endian
E_MACHINE	EM_X86_64
FILE_SIZE	6888
RO_SEG_FILE_SIZE	1424
RO_SEG_MEM_SIZE	1424
RW_SEG_FILE_SIZE	544
RW_SEG_MEM_SIZE	544
DT_NEEDED	libc.so
EXP_SYMBOL	__bss_start
EXP_SYMBOL	_edata
EXP_SYMBOL	_end
EXP_SYMBOL	test
IMP_SYMBOL	__cxa_atexit
IMP_SYMBOL	__cxa_finalize
IMP_SYMBOL	puts
