EI_CLASS	64
EI_DATA		Little-Endian
E_MACHINE	EM_AARCH64
FILE_SIZE	7296
RO_SEG_FILE_SIZE	1248
RO_SEG_MEM_SIZE	1248
RW_SEG_FILE_SIZE	520
RW_SEG_MEM_SIZE	520
DT_RPATH	/system/lib
DT_RPATH	/vendor/lib
DT_NEEDED	libc.so
EXP_SYMBOL	__bss_end__
EXP_SYMBOL	__bss_start
EXP_SYMBOL	__bss_start__
EXP_SYMBOL	__end__
EXP_SYMBOL	_bss_end__
EXP_SYMBOL	_edata
EXP_SYMBOL	_end
EXP_SYMBOL	test
IMP_SYMBOL	__cxa_atexit
IMP_SYMBOL	__cxa_finalize
IMP_SYMBOL	puts
