true^^^^^^^^^^^^^^^^^^^^^^^^^^^^^^^^^^^^^^#true^#
 
  EMP0001
  Margaret Martin
  Accountant           
  56,000
  Female
  1230 North Ave. Dallas, Texas 98551
 
 
  EMP0002
  Martha RaynoldsThis is a CDATASection with EntityReference number 2 &ent2;
This is an adjacent CDATASection with a reference to a tab &tab;
  Secretary
  35,000
  Female
  1900 Dallas Road Dallas, Texas
 98554
 
 
  EMP0003
  Roger
 Jones
  Department Manager
  100,000
  Element data
  PO Box 27 Irving, texas 98553
 
 
  EMP0004
  Jeny Oconnor
  Personnel Director
  95,000
  Female
  27 South Road. Dallas, Texas 98556
 
 
  EMP0005
  Robert Myers
  Computer Specialist
  90,000
  male
  1821 Nordic. Road, Irving Texas 98558
 
 ####$employeeId$employeeId^$name$name^$position$position^$salary$salary^$gender$gender^$address$address^$employee$employee^$employeeId$employeeId^$name$name^$position$position^$salary$salary^$gender$gender^$address$address^$employee$employee^$employeeId$employeeId^$name$name^$position$position^$salary$salary^$entElement$entElement^$gender$gender^$address$address^$employee$employee^$employeeId$employeeId^$name$name^$position$position^$salary$salary^$gender$gender^$address$address^$employee$employee^$employeeId$employeeId^$name$name^$position$position^$salary$salary^$gender$gender^$address$address^$employee$employee^$staff$staff^##TEST-STYLE$PIDATA^PItarget$PIdata^##$staff$staff$employee$employee$employeeId$employeeId$name$name$position$position$salary$salary$gender$gender$address$address$domestic$Yes$employee$employee$employeeId$employeeId$name$name$position$position$salary$salary$gender$gender$address$address$domestic$Yes$street$Yes$employee$employee$employeeId$employeeId$name$name$position$position$salary$salary$gender$gender$entElement$entElement$domestic$Yes$address$address$domestic$Yes$street$No$employee$employee$employeeId$employeeId$name$name$position$position$salary$salary$gender$gender$address$address$domestic$Yes$street$Yes$employee$employee$employeeId$employeeId$name$name$position$position$salary$salary$gender$gender$address$address$street$Yes##
