EI_CLASS	32
EI_DATA		Little-Endian
E_MACHINE	EM_ARM
FILE_SIZE	6220
RO_SEG_FILE_SIZE	844
RO_SEG_MEM_SIZE	844
RW_SEG_FILE_SIZE	272
RW_SEG_MEM_SIZE	272
DT_NEEDED	libc.so
EXP_SYMBOL	__bss_start
EXP_SYMBOL	_edata
EXP_SYMBOL	_end
EXP_SYMBOL	test
IMP_SYMBOL	__cxa_atexit
IMP_SYMBOL	__cxa_finalize
IMP_SYMBOL	puts
