EI_CLASS	32
EI_DATA		Little-Endian
E_MACHINE	EM_ARM
FILE_SIZE	6220
RO_SEG_FILE_SIZE	864
RO_SEG_MEM_SIZE	864
RW_SEG_FILE_SIZE	280
RW_SEG_MEM_SIZE	280
DT_RPATH	$ORIGIN/../lib
DT_NEEDED	libc.so
EXP_SYMBOL	__bss_start
EXP_SYMBOL	_edata
EXP_SYMBOL	_end
EXP_SYMBOL	test
IMP_SYMBOL	__cxa_atexit
IMP_SYMBOL	__cxa_finalize
IMP_SYMBOL	puts
