EI_CLASS	32
EI_DATA		Little-Endian
E_MACHINE	EM_ARM
FILE_SIZE	6776
RO_SEG_FILE_SIZE	1646
RO_SEG_MEM_SIZE	1646
RW_SEG_FILE_SIZE	344
RW_SEG_MEM_SIZE	348
DT_NEEDED	libdl.so
DT_NEEDED	libc.so
DT_NEEDED	libstdc++.so
EXP_SYMBOL	__bss_start
EXP_SYMBOL	_edata
EXP_SYMBOL	_end
IMP_SYMBOL	__cxa_atexit
IMP_SYMBOL	__libc_init
IMP_SYMBOL	dlclose
IMP_SYMBOL	dlopen
IMP_SYMBOL	dlsym
IMP_SYMBOL	puts
